/home/runner/work/SpringBootDemo/SpringBootDemo/src/test/java/com/ea/SpringBasic/SpringTestNGTest_Dup.java
/home/runner/work/SpringBootDemo/SpringBootDemo/src/test/java/com/ea/SpringBasic/SpringTestNGTest.java
/home/runner/work/SpringBootDemo/SpringBootDemo/src/test/java/com/ea/SpringBasic/pages/HomePage.java
/home/runner/work/SpringBootDemo/SpringBootDemo/src/test/java/com/ea/SpringBasic/pages/BasePage.java
/home/runner/work/SpringBootDemo/SpringBootDemo/src/test/java/com/ea/SpringBasic/pages/MainPage.java
/home/runner/work/SpringBootDemo/SpringBootDemo/src/test/java/com/ea/SpringBasic/runner/TestRunner.java
/home/runner/work/SpringBootDemo/SpringBootDemo/src/test/java/com/ea/SpringBasic/steps/HomeSteps.java
/home/runner/work/SpringBootDemo/SpringBootDemo/src/test/java/com/ea/SpringBasic/steps/LoginSteps.java
/home/runner/work/SpringBootDemo/SpringBootDemo/src/test/java/com/ea/SpringBasic/steps/CucumberTestContextConfig.java
/home/runner/work/SpringBootDemo/SpringBootDemo/src/test/java/com/ea/SpringBasic/SpringBasicApplicationTests.java
/home/runner/work/SpringBootDemo/SpringBootDemo/src/test/java/com/ea/SpringBasic/steps/Hooks.java
/home/runner/work/SpringBootDemo/SpringBootDemo/src/test/java/com/ea/SpringBasic/pages/LoginPage.java
